// Jest Snapshot v1, https://goo.gl/fbAQLP

exports[`matches snapshot 1`] = `
<DocumentFragment>
  <div
    class="Todo"
  >
    <span>
        
    </span>
    <div
      class="btns"
    >
      <button
        class="Edit-btn"
      >
        Edit
      </button>
      <button
        class="Remove-btn"
      >
        X
      </button>
    </div>
  </div>
</DocumentFragment>
`;
